2025-06-30 15:32:35,084 - app.utiles.decoratores - INFO - MainThread - Executing: load_json
2025-06-30 15:32:35,085 - app.service.services - INFO - MainThread - Task created : 1
2025-06-30 15:33:23,310 - app.utiles.decoratores - INFO - MainThread - Executing: load_json
2025-06-30 15:33:23,321 - app.service.services - INFO - MainThread - Task created : 2
2025-06-30 15:33:45,244 - app.utiles.decoratores - INFO - MainThread - Executing: load_json
2025-06-30 15:33:45,257 - app.service.services - INFO - MainThread - Task created : 3
2025-06-30 15:35:30,893 - app.utiles.decoratores - INFO - MainThread - Executing: load_json
2025-06-30 15:36:12,364 - app.utiles.decoratores - INFO - MainThread - Executing: load_json
2025-06-30 15:37:51,260 - app.utiles.decoratores - INFO - MainThread - Executing: load_json
2025-06-30 15:38:17,822 - app.utiles.decoratores - INFO - MainThread - Executing: load_json
2025-06-30 15:38:30,461 - app.utiles.decoratores - INFO - MainThread - Executing: load_json
2025-06-30 15:38:32,802 - app.utiles.decoratores - INFO - MainThread - Executing: load_json
2025-06-30 15:39:55,623 - app.utiles.decoratores - INFO - MainThread - Executing: load_json
2025-06-30 15:41:17,372 - app.utiles.decoratores - INFO - MainThread - Executing: load_json
2025-06-30 16:42:45,737 - app.utiles.decoratores - INFO - MainThread - Executing: load_json
2025-06-30 16:43:37,490 - app.utiles.decoratores - INFO - MainThread - Executing: load_json
2025-06-30 16:54:57,919 - app.utiles.decoratores - INFO - MainThread - Executing: load_json
2025-06-30 16:54:57,925 - app.service.services - INFO - MainThread - Task Updated : 1
2025-06-30 16:57:22,236 - app.utiles.decoratores - INFO - MainThread - Executing: load_json
2025-06-30 16:57:22,238 - app.service.services - INFO - MainThread - Task created : 4
2025-06-30 16:58:24,531 - app.utiles.decoratores - INFO - MainThread - Executing: load_json
2025-06-30 16:58:24,533 - app.service.services - INFO - MainThread - Task created : 5
2025-06-30 16:59:25,557 - app.utiles.decoratores - INFO - MainThread - Executing: load_json
2025-06-30 16:59:57,834 - app.utiles.decoratores - INFO - AnyIO worker thread - Executing: delete_task
2025-06-30 17:00:49,412 - app.utiles.decoratores - INFO - MainThread - Executing: load_json
2025-06-30 17:00:56,466 - app.utiles.decoratores - INFO - AnyIO worker thread - Executing: delete_task
2025-06-30 17:06:01,041 - app.utiles.decoratores - INFO - MainThread - Executing: delete_task
2025-06-30 17:06:01,041 - app.utiles.decoratores - ERROR - MainThread - Error while Executing: delete_task : 'coroutine' object is not iterable
Traceback (most recent call last):
  File "D:\Practice\Agentic_AI\task_management_system_fastapi\app\utiles\decoratores.py", line 16, in wrapper
    return await func(*args,**kwargs)
           ^^^^^^^^^^^^^^^^^^^^^^^^^^
  File "D:\Practice\Agentic_AI\task_management_system_fastapi\app\service\services.py", line 119, in delete_task
    new_tasks = [task for task in tasks if not(task["id"]== task_id and task["title"] == remove_task.title)]
                                  ^^^^^
TypeError: 'coroutine' object is not iterable
2025-06-30 17:06:24,723 - app.utiles.decoratores - INFO - MainThread - Executing: delete_task
2025-06-30 17:06:24,724 - app.utiles.decoratores - ERROR - MainThread - Error while Executing: delete_task : 'coroutine' object is not iterable
Traceback (most recent call last):
  File "D:\Practice\Agentic_AI\task_management_system_fastapi\app\utiles\decoratores.py", line 16, in wrapper
    return await func(*args,**kwargs)
           ^^^^^^^^^^^^^^^^^^^^^^^^^^
  File "D:\Practice\Agentic_AI\task_management_system_fastapi\app\service\services.py", line 119, in delete_task
    new_tasks = [task for task in tasks if not(task["id"]== task_id and task["title"] == remove_task.title)]
                                  ^^^^^
TypeError: 'coroutine' object is not iterable
2025-06-30 17:06:57,329 - app.utiles.decoratores - INFO - MainThread - Executing: delete_task
2025-06-30 17:06:57,329 - app.utiles.decoratores - ERROR - MainThread - Error while Executing: delete_task : 'coroutine' object is not iterable
Traceback (most recent call last):
  File "D:\Practice\Agentic_AI\task_management_system_fastapi\app\utiles\decoratores.py", line 16, in wrapper
    return await func(*args, **kwargs)
           ^^^^^^^^^^^^^^^^^^^^^^^^^^^
  File "D:\Practice\Agentic_AI\task_management_system_fastapi\app\service\services.py", line 119, in delete_task
    new_tasks = [task for task in tasks if not(task["id"]== task_id and task["title"] == remove_task.title)]
                                  ^^^^^
TypeError: 'coroutine' object is not iterable
2025-06-30 17:09:16,212 - app.utiles.decoratores - INFO - MainThread - Executing: delete_task
2025-06-30 17:09:16,212 - app.utiles.decoratores - INFO - MainThread - Executing: load_json
2025-06-30 17:09:16,219 - app.service.services - INFO - MainThread - Task_id Deleted : 5 
2025-06-30 17:11:19,044 - app.utiles.decoratores - INFO - MainThread - Executing: load_json
2025-06-30 17:11:19,049 - app.service.services - INFO - MainThread - Task created : 5
2025-06-30 17:13:08,703 - app.utiles.decoratores - INFO - MainThread - Executing: load_json
2025-06-30 17:13:08,705 - app.service.services - INFO - MainThread - Task created : 6
