2025-05-14 16:18:41,665 - INFO - [31m[1mWARNING: This is a development server. Do not use it in a production deployment. Use a production WSGI server instead.[0m
 * Running on all addresses (0.0.0.0)
 * Running on http://127.0.0.1:5000
 * Running on http://192.168.12.145:5000
2025-05-14 16:18:41,666 - INFO - [33mPress CTRL+C to quit[0m
2025-05-14 16:23:16,443 - ERROR - Exception on /register [POST]
Traceback (most recent call last):
  File "C:\Users\svcs\anaconda3\envs\Python_3.13\Lib\site-packages\flask\app.py", line 2190, in wsgi_app
    response = self.full_dispatch_request()
  File "C:\Users\svcs\anaconda3\envs\Python_3.13\Lib\site-packages\flask\app.py", line 1486, in full_dispatch_request
    rv = self.handle_user_exception(e)
  File "C:\Users\svcs\anaconda3\envs\Python_3.13\Lib\site-packages\flask\app.py", line 1484, in full_dispatch_request
    rv = self.dispatch_request()
  File "C:\Users\svcs\anaconda3\envs\Python_3.13\Lib\site-packages\flask\app.py", line 1469, in dispatch_request
    return self.ensure_sync(self.view_functions[rule.endpoint])(**view_args)
           ~~~~~~~~~~~~~~~~~~~~~~~~~~~~~~~~~~~~~~~~~~~~~~~~~~~~^^^^^^^^^^^^^
  File "D:\Course\ZennialPro\flask_api_assignment\app.py", line 40, in register_user
    save_user(users)
    ~~~~~~~~~^^^^^^^
  File "D:\Course\ZennialPro\flask_api_assignment\app.py", line 91, in save_user
    app.logging.info("Data Saved Successfully")
    ^^^^^^^^^^^
AttributeError: 'Flask' object has no attribute 'logging'
2025-05-14 16:23:16,454 - INFO - 127.0.0.1 - - [14/May/2025 16:23:16] "[35m[1mPOST /register HTTP/1.1[0m" 500 -
2025-05-14 16:26:49,950 - INFO - 127.0.0.1 - - [14/May/2025 16:26:49] "[31m[1mPOST /register HTTP/1.1[0m" 406 -
2025-05-14 17:00:06,272 - ERROR - Exception on /user/login [POST]
Traceback (most recent call last):
  File "D:\Course\ZennialPro\flask_api_assignment\app.py", line 51, in user_login
    # using try to
  File "C:\Users\svcs\anaconda3\envs\Python_3.13\Lib\site-packages\werkzeug\wrappers\request.py", line 607, in get_json
    return self.on_json_loading_failed(None)
           ~~~~~~~~~~~~~~~~~~~~~~~~~~~^^^^^^
  File "C:\Users\svcs\anaconda3\envs\Python_3.13\Lib\site-packages\flask\wrappers.py", line 130, in on_json_loading_failed
    return super().on_json_loading_failed(e)
           ~~~~~~~~~~~~~~~~~~~~~~~~~~~~~~^^^
  File "C:\Users\svcs\anaconda3\envs\Python_3.13\Lib\site-packages\werkzeug\wrappers\request.py", line 650, in on_json_loading_failed
    raise UnsupportedMediaType(
    ...<2 lines>...
    )
werkzeug.exceptions.UnsupportedMediaType: 415 Unsupported Media Type: Did not attempt to load JSON data because the request Content-Type was not 'application/json'.

During handling of the above exception, another exception occurred:

Traceback (most recent call last):
  File "C:\Users\svcs\anaconda3\envs\Python_3.13\Lib\site-packages\flask\app.py", line 2190, in wsgi_app
    response = self.full_dispatch_request()
  File "C:\Users\svcs\anaconda3\envs\Python_3.13\Lib\site-packages\flask\app.py", line 1486, in full_dispatch_request
    rv = self.handle_user_exception(e)
  File "C:\Users\svcs\anaconda3\envs\Python_3.13\Lib\site-packages\flask\app.py", line 1484, in full_dispatch_request
    rv = self.dispatch_request()
  File "C:\Users\svcs\anaconda3\envs\Python_3.13\Lib\site-packages\flask\app.py", line 1469, in dispatch_request
    return self.ensure_sync(self.view_functions[rule.endpoint])(**view_args)
           ~~~~~~~~~~~~~~~~~~~~~~~~~~~~~~~~~~~~~~~~~~~~~~~~~~~~^^^^^^^^^^^^^
  File "D:\Course\ZennialPro\flask_api_assignment\app.py", line 61, in user_login
    app.logger.info(f"User Login Successfull for thr {data["username"]}")
    ^^^^^^^^
AttributeError: 'Flask' object has no attribute 'logging'
2025-05-14 17:00:06,305 - INFO - 127.0.0.1 - - [14/May/2025 17:00:06] "[35m[1mPOST /user/login HTTP/1.1[0m" 500 -
2025-05-14 17:01:21,830 - ERROR - Exception on /user/login [POST]
Traceback (most recent call last):
  File "D:\Course\ZennialPro\flask_api_assignment\app.py", line 51, in user_login
    # using try to
  File "C:\Users\svcs\anaconda3\envs\Python_3.13\Lib\site-packages\werkzeug\wrappers\request.py", line 607, in get_json
    return self.on_json_loading_failed(None)
           ~~~~~~~~~~~~~~~~~~~~~~~~~~~^^^^^^
  File "C:\Users\svcs\anaconda3\envs\Python_3.13\Lib\site-packages\flask\wrappers.py", line 130, in on_json_loading_failed
    return super().on_json_loading_failed(e)
           ~~~~~~~~~~~~~~~~~~~~~~~~~~~~~~^^^
  File "C:\Users\svcs\anaconda3\envs\Python_3.13\Lib\site-packages\werkzeug\wrappers\request.py", line 650, in on_json_loading_failed
    raise UnsupportedMediaType(
    ...<2 lines>...
    )
werkzeug.exceptions.UnsupportedMediaType: 415 Unsupported Media Type: Did not attempt to load JSON data because the request Content-Type was not 'application/json'.

During handling of the above exception, another exception occurred:

Traceback (most recent call last):
  File "C:\Users\svcs\anaconda3\envs\Python_3.13\Lib\site-packages\flask\app.py", line 2190, in wsgi_app
    response = self.full_dispatch_request()
  File "C:\Users\svcs\anaconda3\envs\Python_3.13\Lib\site-packages\flask\app.py", line 1486, in full_dispatch_request
    rv = self.handle_user_exception(e)
  File "C:\Users\svcs\anaconda3\envs\Python_3.13\Lib\site-packages\flask\app.py", line 1484, in full_dispatch_request
    rv = self.dispatch_request()
  File "C:\Users\svcs\anaconda3\envs\Python_3.13\Lib\site-packages\flask\app.py", line 1469, in dispatch_request
    return self.ensure_sync(self.view_functions[rule.endpoint])(**view_args)
           ~~~~~~~~~~~~~~~~~~~~~~~~~~~~~~~~~~~~~~~~~~~~~~~~~~~~^^^^^^^^^^^^^
  File "D:\Course\ZennialPro\flask_api_assignment\app.py", line 61, in user_login
    # app.logger.info(f"User Login Successfull for thr {data["username"]}")
AttributeError: 'Flask' object has no attribute 'logging'
2025-05-14 17:01:21,854 - INFO - 127.0.0.1 - - [14/May/2025 17:01:21] "[35m[1mPOST /user/login HTTP/1.1[0m" 500 -
2025-05-14 17:01:30,090 - ERROR - Exception on /user/login [POST]
Traceback (most recent call last):
  File "D:\Course\ZennialPro\flask_api_assignment\app.py", line 51, in user_login
    # using try to
  File "C:\Users\svcs\anaconda3\envs\Python_3.13\Lib\site-packages\werkzeug\wrappers\request.py", line 607, in get_json
    return self.on_json_loading_failed(None)
           ~~~~~~~~~~~~~~~~~~~~~~~~~~~^^^^^^
  File "C:\Users\svcs\anaconda3\envs\Python_3.13\Lib\site-packages\flask\wrappers.py", line 130, in on_json_loading_failed
    return super().on_json_loading_failed(e)
           ~~~~~~~~~~~~~~~~~~~~~~~~~~~~~~^^^
  File "C:\Users\svcs\anaconda3\envs\Python_3.13\Lib\site-packages\werkzeug\wrappers\request.py", line 650, in on_json_loading_failed
    raise UnsupportedMediaType(
    ...<2 lines>...
    )
werkzeug.exceptions.UnsupportedMediaType: 415 Unsupported Media Type: Did not attempt to load JSON data because the request Content-Type was not 'application/json'.

During handling of the above exception, another exception occurred:

Traceback (most recent call last):
  File "C:\Users\svcs\anaconda3\envs\Python_3.13\Lib\site-packages\flask\app.py", line 2190, in wsgi_app
    response = self.full_dispatch_request()
  File "C:\Users\svcs\anaconda3\envs\Python_3.13\Lib\site-packages\flask\app.py", line 1486, in full_dispatch_request
    rv = self.handle_user_exception(e)
  File "C:\Users\svcs\anaconda3\envs\Python_3.13\Lib\site-packages\flask\app.py", line 1484, in full_dispatch_request
    rv = self.dispatch_request()
  File "C:\Users\svcs\anaconda3\envs\Python_3.13\Lib\site-packages\flask\app.py", line 1469, in dispatch_request
    return self.ensure_sync(self.view_functions[rule.endpoint])(**view_args)
           ~~~~~~~~~~~~~~~~~~~~~~~~~~~~~~~~~~~~~~~~~~~~~~~~~~~~^^^^^^^^^^^^^
  File "D:\Course\ZennialPro\flask_api_assignment\app.py", line 61, in user_login
    # app.logger.info(f"User Login Successfull for thr {data["username"]}")
AttributeError: 'Flask' object has no attribute 'logging'
2025-05-14 17:01:30,096 - INFO - 127.0.0.1 - - [14/May/2025 17:01:30] "[35m[1mPOST /user/login HTTP/1.1[0m" 500 -
2025-05-14 17:02:18,209 - INFO - [31m[1mWARNING: This is a development server. Do not use it in a production deployment. Use a production WSGI server instead.[0m
 * Running on all addresses (0.0.0.0)
 * Running on http://127.0.0.1:5000
 * Running on http://192.168.55.104:5000
2025-05-14 17:02:18,209 - INFO - [33mPress CTRL+C to quit[0m
2025-05-14 17:02:22,548 - INFO - 127.0.0.1 - - [14/May/2025 17:02:22] "[31m[1mPOST /user/login HTTP/1.1[0m" 408 -
2025-05-14 17:04:11,078 - INFO - 127.0.0.1 - - [14/May/2025 17:04:11] "[31m[1mPOST /user/login HTTP/1.1[0m" 408 -
2025-05-14 17:04:56,823 - ERROR - Exception on /register [POST]
Traceback (most recent call last):
  File "C:\Users\svcs\anaconda3\envs\Python_3.13\Lib\site-packages\flask\app.py", line 2190, in wsgi_app
    response = self.full_dispatch_request()
  File "C:\Users\svcs\anaconda3\envs\Python_3.13\Lib\site-packages\flask\app.py", line 1486, in full_dispatch_request
    rv = self.handle_user_exception(e)
  File "C:\Users\svcs\anaconda3\envs\Python_3.13\Lib\site-packages\flask\app.py", line 1484, in full_dispatch_request
    rv = self.dispatch_request()
  File "C:\Users\svcs\anaconda3\envs\Python_3.13\Lib\site-packages\flask\app.py", line 1469, in dispatch_request
    return self.ensure_sync(self.view_functions[rule.endpoint])(**view_args)
           ~~~~~~~~~~~~~~~~~~~~~~~~~~~~~~~~~~~~~~~~~~~~~~~~~~~~^^^^^^^^^^^^^
  File "D:\Course\ZennialPro\flask_api_assignment\app.py", line 40, in register_user
    save_user(users)
    ~~~~~~~~~^^^^^^^
  File "D:\Course\ZennialPro\flask_api_assignment\app.py", line 101, in save_user
    app.logging.info("Data Saved Successfully")
    ^^^^^^^^^^^
AttributeError: 'Flask' object has no attribute 'logging'
2025-05-14 17:04:56,830 - INFO - 127.0.0.1 - - [14/May/2025 17:04:56] "[35m[1mPOST /register HTTP/1.1[0m" 500 -
2025-05-14 17:05:40,124 - INFO - [31m[1mWARNING: This is a development server. Do not use it in a production deployment. Use a production WSGI server instead.[0m
 * Running on all addresses (0.0.0.0)
 * Running on http://127.0.0.1:5000
 * Running on http://192.168.55.104:5000
2025-05-14 17:05:40,125 - INFO - [33mPress CTRL+C to quit[0m
2025-05-14 17:05:45,197 - INFO - 127.0.0.1 - - [14/May/2025 17:05:45] "[31m[1mPOST /register HTTP/1.1[0m" 406 -
2025-05-14 20:17:21,229 - INFO - [31m[1mWARNING: This is a development server. Do not use it in a production deployment. Use a production WSGI server instead.[0m
 * Running on all addresses (0.0.0.0)
 * Running on http://127.0.0.1:5000
 * Running on http://192.168.55.105:5000
2025-05-14 20:17:21,229 - INFO - [33mPress CTRL+C to quit[0m
2025-05-14 20:19:43,056 - INFO - Loading all users
2025-05-14 20:19:43,057 - INFO - 127.0.0.1 - - [14/May/2025 20:19:43] "GET /users HTTP/1.1" 200 -
2025-05-14 20:21:56,121 - INFO - Data Saved Successfully
2025-05-14 20:21:56,121 - INFO - User saved Successfully
2025-05-14 20:21:56,121 - ERROR - Exception on /register [POST]
Traceback (most recent call last):
  File "C:\Users\svcs\anaconda3\envs\Python_3.13\Lib\site-packages\flask\app.py", line 2190, in wsgi_app
    response = self.full_dispatch_request()
  File "C:\Users\svcs\anaconda3\envs\Python_3.13\Lib\site-packages\flask\app.py", line 1486, in full_dispatch_request
    rv = self.handle_user_exception(e)
  File "C:\Users\svcs\anaconda3\envs\Python_3.13\Lib\site-packages\flask\app.py", line 1484, in full_dispatch_request
    rv = self.dispatch_request()
  File "C:\Users\svcs\anaconda3\envs\Python_3.13\Lib\site-packages\flask\app.py", line 1469, in dispatch_request
    return self.ensure_sync(self.view_functions[rule.endpoint])(**view_args)
           ~~~~~~~~~~~~~~~~~~~~~~~~~~~~~~~~~~~~~~~~~~~~~~~~~~~~^^^^^^^^^^^^^
  File "D:\Course\ZennialPro\flask_api_assignment\app.py", line 43, in register_user
    return jsonify({"Message":f"User {data['user_name']} added successfully"}),200
                                      ~~~~^^^^^^^^^^^^^
KeyError: 'user_name'
2025-05-14 20:21:56,131 - INFO - 127.0.0.1 - - [14/May/2025 20:21:56] "[35m[1mPOST /register HTTP/1.1[0m" 500 -
2025-05-14 20:26:24,641 - INFO - Loading all users
2025-05-14 20:26:24,641 - INFO - 127.0.0.1 - - [14/May/2025 20:26:24] "GET /users HTTP/1.1" 200 -
2025-05-14 20:27:29,623 - INFO - Data Saved Successfully
2025-05-14 20:27:29,623 - INFO - User saved Successfully
2025-05-14 20:27:29,623 - ERROR - Exception on /register [POST]
Traceback (most recent call last):
  File "C:\Users\svcs\anaconda3\envs\Python_3.13\Lib\site-packages\flask\app.py", line 2190, in wsgi_app
    response = self.full_dispatch_request()
  File "C:\Users\svcs\anaconda3\envs\Python_3.13\Lib\site-packages\flask\app.py", line 1486, in full_dispatch_request
    rv = self.handle_user_exception(e)
  File "C:\Users\svcs\anaconda3\envs\Python_3.13\Lib\site-packages\flask\app.py", line 1484, in full_dispatch_request
    rv = self.dispatch_request()
  File "C:\Users\svcs\anaconda3\envs\Python_3.13\Lib\site-packages\flask\app.py", line 1469, in dispatch_request
    return self.ensure_sync(self.view_functions[rule.endpoint])(**view_args)
           ~~~~~~~~~~~~~~~~~~~~~~~~~~~~~~~~~~~~~~~~~~~~~~~~~~~~^^^^^^^^^^^^^
  File "D:\Course\ZennialPro\flask_api_assignment\app.py", line 43, in register_user
    return jsonify({"Message":f"User {data['username']} added successfully"}),200
                                      ^^^^^^^^^^^^^^^^^
KeyError: 'user_name'
2025-05-14 20:27:29,651 - INFO - 127.0.0.1 - - [14/May/2025 20:27:29] "[35m[1mPOST /register HTTP/1.1[0m" 500 -
2025-05-14 20:28:10,038 - INFO - [31m[1mWARNING: This is a development server. Do not use it in a production deployment. Use a production WSGI server instead.[0m
 * Running on all addresses (0.0.0.0)
 * Running on http://127.0.0.1:5000
 * Running on http://192.168.55.105:5000
2025-05-14 20:28:10,038 - INFO - [33mPress CTRL+C to quit[0m
2025-05-14 20:28:14,082 - INFO - 127.0.0.1 - - [14/May/2025 20:28:14] "[31m[1mPOST /register HTTP/1.1[0m" 406 -
2025-05-14 20:29:12,393 - INFO - Data Saved Successfully
2025-05-14 20:29:12,393 - INFO - User saved Successfully
2025-05-14 20:29:12,394 - INFO - 127.0.0.1 - - [14/May/2025 20:29:12] "POST /register HTTP/1.1" 200 -
2025-05-14 20:34:33,278 - INFO - Exception : 415 Unsupported Media Type: Did not attempt to load JSON data because the request Content-Type was not 'application/json'.
2025-05-14 20:34:33,278 - INFO - 127.0.0.1 - - [14/May/2025 20:34:33] "[31m[1mPOST /user/login HTTP/1.1[0m" 408 -
2025-05-14 20:37:10,040 - INFO - [31m[1mWARNING: This is a development server. Do not use it in a production deployment. Use a production WSGI server instead.[0m
 * Running on all addresses (0.0.0.0)
 * Running on http://127.0.0.1:5000
 * Running on http://192.168.55.105:5000
2025-05-14 20:37:10,040 - INFO - [33mPress CTRL+C to quit[0m
2025-05-14 20:37:16,323 - INFO - Exception : 415 Unsupported Media Type: Did not attempt to load JSON data because the request Content-Type was not 'application/json'.
2025-05-14 20:37:16,324 - INFO - 127.0.0.1 - - [14/May/2025 20:37:16] "[31m[1mPOST /user/login HTTP/1.1[0m" 408 -
2025-05-14 20:37:55,733 - INFO - Loading all users
2025-05-14 20:37:55,733 - INFO - 127.0.0.1 - - [14/May/2025 20:37:55] "GET /users HTTP/1.1" 200 -
2025-05-14 20:38:11,816 - INFO - Exception : 415 Unsupported Media Type: Did not attempt to load JSON data because the request Content-Type was not 'application/json'.
2025-05-14 20:38:11,817 - INFO - 127.0.0.1 - - [14/May/2025 20:38:11] "[31m[1mPOST /user/login HTTP/1.1[0m" 408 -
2025-05-14 20:38:17,107 - INFO - Exception : 415 Unsupported Media Type: Did not attempt to load JSON data because the request Content-Type was not 'application/json'.
2025-05-14 20:38:17,108 - INFO - 127.0.0.1 - - [14/May/2025 20:38:17] "[31m[1mPOST /user/login HTTP/1.1[0m" 408 -
2025-05-14 20:38:20,925 - INFO - Exception : 415 Unsupported Media Type: Did not attempt to load JSON data because the request Content-Type was not 'application/json'.
2025-05-14 20:38:20,925 - INFO - 127.0.0.1 - - [14/May/2025 20:38:20] "[31m[1mPOST /user/login HTTP/1.1[0m" 408 -
2025-05-14 20:38:47,834 - INFO - User Login Successfull for thr Nikitha.G
2025-05-14 20:38:47,835 - INFO - 127.0.0.1 - - [14/May/2025 20:38:47] "POST /user/login HTTP/1.1" 200 -
2025-05-14 20:39:07,264 - INFO - User Login fail for thr Nikitha.G
2025-05-14 20:39:07,264 - INFO - 127.0.0.1 - - [14/May/2025 20:39:07] "[31m[1mPOST /user/login HTTP/1.1[0m" 400 -
2025-05-14 20:39:14,773 - INFO - User Login Successfull for thr Nikitha.G
2025-05-14 20:39:14,773 - INFO - 127.0.0.1 - - [14/May/2025 20:39:14] "POST /user/login HTTP/1.1" 200 -
